1	1	INTEGER	101	101
1	5	INTEGER	555	555
2	1	INTEGER	2003	2003
3	1	INTEGER	404	404
4	1	INTEGER	101	101
5	1	INTEGER	5	5