1	1	KEYWORD	program	program
2	1	KEYWORD	begin	begin
3	1	KEYWORD	end	end