0      4      ID      abcd      abcd
5      7      ID      ef      ef