1	1	KEYWORD	program	program
1	9	ID	Test	Test
1	13	OPERATOR	;	;