1	1	OPERATOR	.	.
1	2	OPERATOR	.	.
1	3	OPERATOR	.	.