0      3      INTEGER      101      101
3      3      EOF      EOF      EOF