1    1    OPERATOR    SEMICOLOM
1    2    OPERATOR    SEMICOLOM
1    3    OPERATOR    SEMICOLOM
2    1    OPERATOR    SEMICOLOM
2    2    OPERATOR    SEMICOLOM
2    3    EOF    EOF