1    1    STRING    AB
2    1    STRING    PQ
3    1    CHAR    R
3    2    EOF    EOF