0      7      program      program      program
8      13      begin      begin      begin
14      17      end      end      end
17      17      EOF      EOF      EOF