0      4      ID      abcd      abcd
5      7      ID      ef      ef
7      7      EOF      EOF      EOF