program
├── ID
├── declarations
├── subprogram_declarations
└── compound_statement